[2026-03-11 09:45:48] [INFO] [0;32m测试服务器连接...[0m
[2026-03-11 09:45:49] [ERROR] [0;31m❌ 无法连接到服务器: root@43.167.173.8[0m
[2026-03-11 09:45:49] [WARN] [1;33m请确保:[0m
[2026-03-11 09:45:49] [WARN] [1;33m  1. 服务器地址正确[0m
[2026-03-11 09:45:49] [WARN] [1;33m  2. SSH 密钥已配置[0m
[2026-03-11 09:45:49] [WARN] [1;33m  3. 网络连接正常[0m
[2026-03-11 09:46:00] [INFO] [0;32m测试服务器连接...[0m
[2026-03-11 09:46:04] [ERROR] [0;31m❌ 无法连接到服务器: root@43.167.173.8[0m
[2026-03-11 09:46:04] [WARN] [1;33m请确保:[0m
[2026-03-11 09:46:04] [WARN] [1;33m  1. 服务器地址正确[0m
[2026-03-11 09:46:04] [WARN] [1;33m  2. SSH 密钥已配置[0m
[2026-03-11 09:46:04] [WARN] [1;33m  3. 网络连接正常[0m
[2026-03-11 09:46:58] [INFO] [0;32m==========================================[0m
[2026-03-11 09:46:58] [INFO] [0;32m开始同步视频[0m
[2026-03-11 09:46:58] [INFO] [0;32m==========================================[0m
[2026-03-11 09:46:58] [INFO] [0;32m服务器: root@43.167.173.8[0m
[2026-03-11 09:46:58] [INFO] [0;32m源目录: /root/videos/[0m
[2026-03-11 09:46:58] [INFO] [0;32m目标目录: /Users/ai/Documents/video_pipeline/1input[0m
[2026-03-11 09:46:58] [WARN] [1;33m📋 预览模式 - 不会实际下载文件[0m
[2026-03-11 09:46:58] [INFO] [0;32m检测到 sshpass，支持密码认证[0m
[2026-03-11 09:46:58] [INFO] [0;32m开始 rsync 同步...[0m
[2026-03-11 09:46:58] [INFO] [0;32m如果提示输入密码，请输入服务器 root 用户的密码[0m
